// Jest Snapshot v1, https://goo.gl/fbAQLP

exports[`Should render HelpPage. 1`] = `
<div>
  This is the HelpPage.
</div>
`;
